-- feed.xml --
<?xml version="1.0" encoding="UTF-8"?><feed xmlns="http://www.w3.org/2005/Atom">
  <title>Ilya Mateyko</title>
  <id>https://astrophena.name/</id>
  <updated>2023-12-08T00:00:00Z</updated>
  <link href="https://astrophena.name/"></link>
  <author>
    <name>Ilya Mateyko</name>
  </author>
  <entry>
    <title>Hello, world!</title>
    <updated>2023-12-09T00:00:00Z</updated>
    <id>tag:astrophena.name,2023-12-09:/hello</id>
    <content type="html">&#xA;Hello, world!&#xA;&#xA;</content>
    <link href="https://astrophena.name/hello" rel="alternate"></link>
    <author>
      <name>Ilya Mateyko</name>
    </author>
  </entry>
</feed>
-- hello.html --
<html>
  <body>
    
Hello, world!


  </body>
</html>
-- index.html --
<html>
  <body>
    
<h1>Blog</h1>


<ul>

  <li>Hello, world!</li>

</ul>


  </body>
</html>
-- test-dc122cd797e76d1e0b07efe6262829098581816f1727d9a883bd4052a4e659ef --
test

