-- feed.xml --
<?xml version="1.0" encoding="UTF-8"?><feed xmlns="http://www.w3.org/2005/Atom">
  <title>Ilya Mateyko</title>
  <id>https://astrophena.name/</id>
  <updated>2023-12-08T00:00:00Z</updated>
  <link href="https://astrophena.name/"></link>
  <author>
    <name>Ilya Mateyko</name>
  </author>
</feed>
-- index.html --
<html>
  <body>
    
<h1>hello, world!</h1>


  </body>
</html>
-- test --
test

